// Jest Snapshot v1, https://goo.gl/fbAQLP

exports[`check link 1`] = `
<a
  href="/createaccount"
  onClick={[Function]}
/>
`;

exports[`login check link 1`] = `
<a
  href="/createaccount"
  onClick={[Function]}
/>
`;
