// Jest Snapshot v1, https://goo.gl/fbAQLP

exports[`check  1`] = `
Array [
  " ",
  <button
    type="submit"
  />,
]
`;

exports[`check button type 1`] = `
Array [
  " ",
  <button
    type="submit"
  />,
]
`;

exports[`check link 1`] = `
Array [
  " ",
  <button
    type="submit"
  />,
]
`;
